<html>
<head>  
  <title>House-sparrow</title>
</head>  
<body bgcolor="#FFFFE0" text="#000000">
  <h1>House-sparrow</h1>
  
  <p>Everybody knowns it.</p>

  <p><b>Favorite food:</b> sunflower</p>
</body>
</html>
