
  <html>
    <head>
      <title>Example</title>
    </head>
    <body>
      <h1>Example</h1>
      <p><a href="test.c.html">A C program</a>

    </body>
  </html>
