A from JSON
B from JSON
C from config
D from config
string a
object