<html>
<head>
    <title>XML Tree Dump</title>
    <meta http-equiv="Content-type" content="text/html; charset=UTF-8">
    </head>
<body bgcolor="white" color="black">

<h1>XML Tree Dump</h1>

  <ul>
<li><font color=gray>document</font>
        <ul>
<li><tt><font color=brown>&lt;?foo bar baaz ?></font></tt>
        <li><tt><font color=blue>&lt;book></font></tt>
        <ul>
<li><tt>"&amp;#xA;  "</tt>
<li><tt><font color=green>&lt;!--  This is a comment  --></font></tt>
<li><tt>"&amp;#xA;  "</tt>
        <li><tt><font color=blue>&lt;part id="1" title="Part 1"></font></tt>
        <ul>
<li><tt>"&amp;#xA;    "</tt>
        <li><tt><font color=blue>&lt;chapter id="2" title="Chapter 1.1"></font></tt>
        <ul>
<li><tt>"&amp;#xA;      "</tt>
        <li><tt><font color=blue>&lt;para id="3"></font></tt>
        <ul>
<li><tt>"A"</tt>
        </ul>
<li><tt>"&amp;#xA;      "</tt>
        <li><tt><font color=blue>&lt;para id="4"></font></tt>
        <ul>
<li><tt>"CDATA is just text."</tt>
        </ul>
<li><tt>"&amp;#xA;    "</tt>
        </ul>
<li><tt>"&amp;#xA;    "</tt>
        <li><tt><font color=blue>&lt;chapter id="5" title="Chapter 1.2"></font></tt>
        <ul>
<li><tt>"&amp;#xA;      "</tt>
        <li><tt><font color=blue>&lt;para id="6"></font></tt>
        <ul>
<li><tt>"A"</tt>
        </ul>
<li><tt>"&amp;#xA;      "</tt>
        <li><tt><font color=blue>&lt;para id="7"></font></tt>
        <ul>
<li><tt>"B"</tt>
        </ul>
<li><tt>"&amp;#xA;    "</tt>
        </ul>
<li><tt>"&amp;#xA;    "</tt>
        <li><tt><font color=blue>&lt;chapter id="8" title="Chapter 1.3"></font></tt>
        <ul>
<li><tt>"&amp;#xA;      "</tt>
        <li><tt><font color=blue>&lt;para id="9"></font></tt>
        <ul>
<li><tt>"A"</tt>
        </ul>
<li><tt>"&amp;#xA;      "</tt>
        <li><tt><font color=blue>&lt;para id="10"></font></tt>
        <ul>
<li><tt>"B"</tt>
        </ul>
<li><tt>"&amp;#xA;    "</tt>
        </ul>
<li><tt>"&amp;#xA;  "</tt>
        </ul>
<li><tt>"&amp;#xA;  "</tt>
        <li><tt><font color=blue>&lt;part id="11" title="Part 2"></font></tt>
        <ul>
<li><tt>"&amp;#xA;    "</tt>
        <li><tt><font color=blue>&lt;chapter id="12" title="Chapter 2.1"></font></tt>
        <ul>
<li><tt>"&amp;#xA;      "</tt>
        <li><tt><font color=blue>&lt;para id="13"></font></tt>
        <ul>
<li><tt>"A"</tt>
        </ul>
<li><tt>"&amp;#xA;      "</tt>
        <li><tt><font color=blue>&lt;para id="14"></font></tt>
        <ul>
<li><tt>"B"</tt>
        </ul>
<li><tt>"&amp;#xA;      "</tt>
        <li><tt><font color=blue>&lt;para id="15"></font></tt>
        <ul>
<li><tt>"C"</tt>
        </ul>
<li><tt>"&amp;#xA;    "</tt>
        </ul>
<li><tt>"&amp;#xA;    "</tt>
        <li><tt><font color=blue>&lt;chapter id="16" title="Chapter 2.2"></font></tt>
        <ul>
<li><tt>"&amp;#xA;      "</tt>
        <li><tt><font color=blue>&lt;para id="17"></font></tt>
        <ul>
<li><tt>"A"</tt>
        </ul>
<li><tt>"&amp;#xA;      "</tt>
        <li><tt><font color=blue>&lt;para id="18"></font></tt>
        <ul>
<li><tt>"B"</tt>
        </ul>
<li><tt>"&amp;#xA;      "</tt>
        <li><tt><font color=blue>&lt;para id="19"></font></tt>
        <ul>
<li><tt>"C"</tt>
        </ul>
<li><tt>"&amp;#xA;    "</tt>
        </ul>
<li><tt>"&amp;#xA;  "</tt>
        </ul>
<li><tt>"&amp;#xA;"</tt>
        </ul>
        </ul>
  </ul>

<p><b>Legend:</b>
<ul>
    <li><tt><font color=blue>&lt;foo bar="123"></font></tt>: Element node
    <li><tt>"Blah blah"</tt>: Text node
    <li><tt><font color=brown>&lt;?foo bar ?></font></tt>: Processing instruction node
    <li><tt><font color=green>&lt;!-- Blah blah --></font></tt>: Comment node
    <li><font color=gray>foo</font>: Other node
</ul>

</body>

