A from JSON
B from JSON
C from JSON
string a
object