<html>
<head>  
  <title>Index</title>
</head>  
<body bgcolor="#FFFFE0" text="#000000">
  <h1>Index</h1>
  <p>Birds:
  <ul>
    <li>Arctic-tern: Flies very long distances all years.
        Favorite food: sardine
    <li>House-sparrow: Everybody knowns it.
        Favorite food: sunflower
    <li>Sakeret: Great hunter of the sky.
        Favorite food: pigeon
  </ul>
  <br>
  <p><img src="falcon.png">
</body>
</html>